// Jest Snapshot v1, https://goo.gl/fbAQLP

exports[`Snapshot of the Constituent component should render correctly 1`] = `
<tr>
  <th
    scope="row"
  >
    AMZN
  </th>
  <td>
    Amazon
  </td>
  <td>
    Technology
  </td>
  <td>
    U.S
  </td>
  <td>
    <button
      className="btn btn-sm btn-outline-dark"
      onClick={[Function]}
      type="button"
    >
      Get Data
    </button>
  </td>
</tr>
`;

exports[`Snapshot of the Constituent component should render correctly if hq is not provided by API 1`] = `
<tr>
  <th
    scope="row"
  >
    AMZN
  </th>
  <td>
    Amazon
  </td>
  <td>
    Technology
  </td>
  <td>
    ...
  </td>
  <td>
    <button
      className="btn btn-sm btn-outline-dark"
      onClick={[Function]}
      type="button"
    >
      Get Data
    </button>
  </td>
</tr>
`;
