// Jest Snapshot v1, https://goo.gl/fbAQLP

exports[`Snapshot of the List component should render correctly 1`] = `
<li>
  <div
    className="company"
  >
    <div>
      <p>
        MSFT
      </p>
      <h4
        className="my-1"
      >
        <a
          href="/company/MSFT"
          onClick={[Function]}
        >
          Microsoft
        </a>
      </h4>
    </div>
    <small
      className="fst-italic text-white-50"
    >
      NASDAQ
    </small>
  </div>
</li>
`;
